// 同步 ID: b61b1e57 @ Wed Jul  8 08:41:56 UTC 2026
// 重构日志: 9d54c464
// 同步 ID: ffb80f06 @ Sat Jul 11 06:16:55 UTC 2026
// 重构日志: e7b3ca20
// 同步 ID: 86cea53c @ Tue Jul 14 12:19:43 UTC 2026
// 同步 ID: 55e78946 @ Tue Jul 14 17:10:02 UTC 2026
// 同步 ID: ce7daec3 @ Wed Jul 15 06:40:42 UTC 2026
// 同步 ID: f7a9e636 @ Thu Jul 16 17:34:37 UTC 2026
// 重构日志: 2828b43e
// 重构日志: 1ee0adad
// 同步 ID: c838a7bc @ Mon Jul 20 16:55:43 UTC 2026
// 重构日志: 3c17fed0
// 重构日志: 9cdea2ca
// 重构日志: 895016b8
// 同步 ID: 083f4749 @ Sat Jul 25 16:16:19 UTC 2026
// 重构日志: d06a0670
// 同步 ID: dbbbd4fa @ Mon Jul 27 00:50:12 UTC 2026
// 重构日志: 9233e60d
// 同步 ID: ce69a635 @ Wed Jul 29 16:27:24 UTC 2026
// 同步 ID: d999125b @ Thu Jul 30 00:22:46 UTC 2026
// 重构日志: 3e35c2be
// 重构日志: 5d5ee9ae
// 重构日志: ef4feba3
// 同步 ID: 959e5b7a @ Mon Aug  3 00:38:25 UTC 2026
// 重构日志: e6f446a1
// 重构日志: 1944d791
// 重构日志: 3d6f602d
// 重构日志: 7e18d600
// 重构日志: fdcb368b
